// Jest Snapshot v1, https://goo.gl/fbAQLP

exports[`testing component Main Should render the heading 1`] = `
<main>
  <h2>
    react avan√ßado
  </h2>
</main>
`;
