// Jest Snapshot v1, https://goo.gl/fbAQLP

exports[`testing component MainRight Should render the heading 1`] = `
<div
  class="styles__Container-hXcVkP eavrgH"
>
  <h1>
    Right Side
  </h1>
</div>
`;
